[0m13:07:28.758757 [debug] [MainThread]: Sending event: {'category': 'dbt', 'action': 'invocation', 'label': 'start', 'context': [<snowplow_tracker.self_describing_json.SelfDescribingJson object at 0x7febe1f44760>, <snowplow_tracker.self_describing_json.SelfDescribingJson object at 0x7febe2944790>, <snowplow_tracker.self_describing_json.SelfDescribingJson object at 0x7febe29445b0>]}


============================== 13:07:28.762846 | b8c5c1b0-13af-4c12-ad09-06c5c942b20b ==============================
[0m13:07:28.762846 [info ] [MainThread]: Running with dbt=1.10.22
[0m13:07:28.763517 [debug] [MainThread]: running dbt with arguments {'use_colors': 'True', 'warn_error': 'None', 'printer_width': '80', 'introspect': 'True', 'indirect_selection': 'eager', 'log_format': 'default', 'target_path': 'None', 'invocation_command': 'dbt init dbt_project', 'send_anonymous_usage_stats': 'True', 'no_print': 'None', 'write_json': 'True', 'version_check': 'True', 'use_experimental_parser': 'False', 'log_path': 'logs', 'quiet': 'False', 'empty': 'None', 'debug': 'False', 'fail_fast': 'False', 'static_parser': 'True', 'partial_parse': 'True', 'profiles_dir': '/Users/palashaggarwal/.dbt', 'warn_error_options': 'WarnErrorOptionsV2(error=[], warn=[], silence=[])', 'log_cache_events': 'False', 'cache_selected_only': 'False'}
[0m13:07:28.777388 [info ] [MainThread]: A project called dbt_project already exists here.
[0m13:07:28.909237 [debug] [MainThread]: Resource report: {"command_name": "init", "command_success": true, "command_wall_clock_time": 0.5594586, "process_in_blocks": "0", "process_kernel_time": 0.521622, "process_mem_max_rss": "98684928", "process_out_blocks": "0", "process_user_time": 1.039625}
[0m13:07:28.910034 [debug] [MainThread]: Command `dbt init` succeeded at 13:07:28.909745 after 0.56 seconds
[0m13:07:28.910423 [debug] [MainThread]: Sending event: {'category': 'dbt', 'action': 'invocation', 'label': 'end', 'context': [<snowplow_tracker.self_describing_json.SelfDescribingJson object at 0x7febe1f44760>, <snowplow_tracker.self_describing_json.SelfDescribingJson object at 0x7febe2890370>, <snowplow_tracker.self_describing_json.SelfDescribingJson object at 0x7febe2925a30>]}
[0m13:07:28.910790 [debug] [MainThread]: Flushing usage events
[0m13:07:30.247107 [debug] [MainThread]: An error was encountered while trying to flush usage events
[0m13:09:29.655395 [debug] [MainThread]: Sending event: {'category': 'dbt', 'action': 'invocation', 'label': 'start', 'context': [<snowplow_tracker.self_describing_json.SelfDescribingJson object at 0x7fc839675760>, <snowplow_tracker.self_describing_json.SelfDescribingJson object at 0x7fc81885c790>, <snowplow_tracker.self_describing_json.SelfDescribingJson object at 0x7fc81885c5b0>]}


============================== 13:09:29.660021 | 1984d529-f951-4c53-9893-eb87dfe7b1df ==============================
[0m13:09:29.660021 [info ] [MainThread]: Running with dbt=1.10.22
[0m13:09:29.660731 [debug] [MainThread]: running dbt with arguments {'empty': 'None', 'no_print': 'None', 'debug': 'False', 'introspect': 'True', 'write_json': 'True', 'log_path': 'logs', 'cache_selected_only': 'False', 'use_colors': 'True', 'quiet': 'False', 'partial_parse': 'True', 'warn_error_options': 'WarnErrorOptionsV2(error=[], warn=[], silence=[])', 'send_anonymous_usage_stats': 'True', 'static_parser': 'True', 'invocation_command': 'dbt init dbt_project', 'version_check': 'True', 'log_cache_events': 'False', 'fail_fast': 'False', 'indirect_selection': 'eager', 'warn_error': 'None', 'target_path': 'None', 'profiles_dir': '/Users/palashaggarwal/.dbt', 'use_experimental_parser': 'False', 'log_format': 'default', 'printer_width': '80'}
[0m13:09:29.675330 [debug] [MainThread]: Starter project path: /Users/palashaggarwal/Desktop/credit-risk-scoring-engine/credit-risk-scoring-engine/.venv/lib/python3.9/site-packages/dbt/include/starter_project
[0m13:09:29.683282 [info ] [MainThread]: 
Your new dbt project "dbt_project" was created!

For more information on how to configure the profiles.yml file,
please consult the dbt documentation here:

  https://docs.getdbt.com/docs/configure-your-profile

One more thing:

Need help? Don't hesitate to reach out to us via GitHub issues or on Slack:

  https://community.getdbt.com/

Happy modeling!

[0m13:09:29.683959 [info ] [MainThread]: Setting up your profile.
[0m13:09:44.097533 [debug] [MainThread]: Spark adapter: Setting pyhive.hive logging to ERROR
[0m13:09:44.099267 [debug] [MainThread]: Spark adapter: Setting thrift.transport logging to ERROR
[0m13:09:44.099600 [debug] [MainThread]: Spark adapter: Setting thrift.protocol logging to ERROR
[0m13:11:55.849222 [error] [MainThread]: Encountered an error:

[0m13:11:55.881243 [error] [MainThread]: Traceback (most recent call last):
  File "/Users/palashaggarwal/Desktop/credit-risk-scoring-engine/credit-risk-scoring-engine/.venv/lib/python3.9/site-packages/dbt/cli/requires.py", line 178, in wrapper
    result, success = func(*args, **kwargs)
  File "/Users/palashaggarwal/Desktop/credit-risk-scoring-engine/credit-risk-scoring-engine/.venv/lib/python3.9/site-packages/dbt/cli/requires.py", line 128, in wrapper
    return func(*args, **kwargs)
  File "/Users/palashaggarwal/Desktop/credit-risk-scoring-engine/credit-risk-scoring-engine/.venv/lib/python3.9/site-packages/dbt/cli/main.py", line 483, in init
    results = task.run()
  File "/Users/palashaggarwal/Desktop/credit-risk-scoring-engine/credit-risk-scoring-engine/.venv/lib/python3.9/site-packages/dbt/task/init.py", line 346, in run
    self.setup_profile(profile_name)
  File "/Users/palashaggarwal/Desktop/credit-risk-scoring-engine/credit-risk-scoring-engine/.venv/lib/python3.9/site-packages/dbt/task/init.py", line 262, in setup_profile
    self.create_profile_from_target(adapter, profile_name=profile_name)
  File "/Users/palashaggarwal/Desktop/credit-risk-scoring-engine/credit-risk-scoring-engine/.venv/lib/python3.9/site-packages/dbt/task/init.py", line 179, in create_profile_from_target
    self.create_profile_from_profile_template(profile_template, profile_name)
  File "/Users/palashaggarwal/Desktop/credit-risk-scoring-engine/credit-risk-scoring-engine/.venv/lib/python3.9/site-packages/dbt/task/init.py", line 163, in create_profile_from_profile_template
    target = self.generate_target_from_input(prompts, initial_target)
  File "/Users/palashaggarwal/Desktop/credit-risk-scoring-engine/credit-risk-scoring-engine/.venv/lib/python3.9/site-packages/dbt/task/init.py", line 129, in generate_target_from_input
    target[key] = click.prompt(
  File "/Users/palashaggarwal/Desktop/credit-risk-scoring-engine/credit-risk-scoring-engine/.venv/lib/python3.9/site-packages/click/termui.py", line 164, in prompt
    value = prompt_func(prompt)
  File "/Users/palashaggarwal/Desktop/credit-risk-scoring-engine/credit-risk-scoring-engine/.venv/lib/python3.9/site-packages/click/termui.py", line 147, in prompt_func
    raise Abort() from None
click.exceptions.Abort

[0m13:11:55.948853 [debug] [MainThread]: Resource report: {"command_name": "init", "command_success": false, "command_wall_clock_time": 146.39967, "process_in_blocks": "0", "process_kernel_time": 0.669938, "process_mem_max_rss": "98693120", "process_out_blocks": "0", "process_user_time": 1.115445}
[0m13:11:55.950345 [debug] [MainThread]: Command `dbt init` failed at 13:11:55.949970 after 146.40 seconds
[0m13:11:55.953416 [debug] [MainThread]: Sending event: {'category': 'dbt', 'action': 'invocation', 'label': 'end', 'context': [<snowplow_tracker.self_describing_json.SelfDescribingJson object at 0x7fc839675760>, <snowplow_tracker.self_describing_json.SelfDescribingJson object at 0x7fc81894f730>, <snowplow_tracker.self_describing_json.SelfDescribingJson object at 0x7fc81894fe50>]}
[0m13:11:55.955025 [debug] [MainThread]: Flushing usage events
[0m13:11:57.397062 [debug] [MainThread]: An error was encountered while trying to flush usage events
[0m13:12:46.571042 [debug] [MainThread]: Sending event: {'category': 'dbt', 'action': 'invocation', 'label': 'start', 'context': [<snowplow_tracker.self_describing_json.SelfDescribingJson object at 0x7fcc49c3c820>, <snowplow_tracker.self_describing_json.SelfDescribingJson object at 0x7fcc4a985850>, <snowplow_tracker.self_describing_json.SelfDescribingJson object at 0x7fcc4a985670>]}


============================== 13:12:46.575659 | bf3f5c15-0765-44ac-adb3-918f82551d09 ==============================
[0m13:12:46.575659 [info ] [MainThread]: Running with dbt=1.10.22
[0m13:12:46.576344 [debug] [MainThread]: running dbt with arguments {'empty': 'None', 'static_parser': 'True', 'log_format': 'default', 'use_experimental_parser': 'False', 'printer_width': '80', 'fail_fast': 'False', 'cache_selected_only': 'False', 'target_path': 'None', 'indirect_selection': 'eager', 'log_path': 'logs', 'warn_error_options': 'WarnErrorOptionsV2(error=[], warn=[], silence=[])', 'send_anonymous_usage_stats': 'True', 'no_print': 'None', 'debug': 'False', 'invocation_command': 'dbt init dbt_project', 'version_check': 'True', 'introspect': 'True', 'quiet': 'False', 'log_cache_events': 'False', 'warn_error': 'None', 'partial_parse': 'True', 'profiles_dir': '/Users/palashaggarwal/.dbt', 'use_colors': 'True', 'write_json': 'True'}
[0m13:12:46.591366 [debug] [MainThread]: Starter project path: /Users/palashaggarwal/Desktop/credit-risk-scoring-engine/credit-risk-scoring-engine/.venv/lib/python3.9/site-packages/dbt/include/starter_project
[0m13:12:46.598854 [info ] [MainThread]: 
Your new dbt project "dbt_project" was created!

For more information on how to configure the profiles.yml file,
please consult the dbt documentation here:

  https://docs.getdbt.com/docs/configure-your-profile

One more thing:

Need help? Don't hesitate to reach out to us via GitHub issues or on Slack:

  https://community.getdbt.com/

Happy modeling!

[0m13:12:46.599444 [info ] [MainThread]: Setting up your profile.
[0m13:12:52.387302 [debug] [MainThread]: Resource report: {"command_name": "init", "command_success": true, "command_wall_clock_time": 5.920326, "process_in_blocks": "0", "process_kernel_time": 0.478047, "process_mem_max_rss": "101490688", "process_out_blocks": "0", "process_user_time": 1.111157}
[0m13:12:52.388635 [debug] [MainThread]: Command `dbt init` succeeded at 13:12:52.388317 after 5.92 seconds
[0m13:12:52.389179 [debug] [MainThread]: Sending event: {'category': 'dbt', 'action': 'invocation', 'label': 'end', 'context': [<snowplow_tracker.self_describing_json.SelfDescribingJson object at 0x7fcc49c3c820>, <snowplow_tracker.self_describing_json.SelfDescribingJson object at 0x7fcc289dfd60>, <snowplow_tracker.self_describing_json.SelfDescribingJson object at 0x7fcc4a985850>]}
[0m13:12:52.389693 [debug] [MainThread]: Flushing usage events
[0m13:12:53.423388 [debug] [MainThread]: An error was encountered while trying to flush usage events
[0m13:57:04.462621 [debug] [MainThread]: Sending event: {'category': 'dbt', 'action': 'invocation', 'label': 'start', 'context': [<snowplow_tracker.self_describing_json.SelfDescribingJson object at 0x7f9709dd47f0>, <snowplow_tracker.self_describing_json.SelfDescribingJson object at 0x7f96f8568880>, <snowplow_tracker.self_describing_json.SelfDescribingJson object at 0x7f96f85686a0>]}


============================== 13:57:04.467272 | 305aff1e-cb9b-407e-887c-0c8a607589dd ==============================
[0m13:57:04.467272 [info ] [MainThread]: Running with dbt=1.10.22
[0m13:57:04.467838 [debug] [MainThread]: running dbt with arguments {'indirect_selection': 'eager', 'log_path': 'logs', 'use_experimental_parser': 'False', 'target_path': 'None', 'introspect': 'True', 'quiet': 'False', 'cache_selected_only': 'False', 'profiles_dir': '/Users/palashaggarwal/.dbt', 'warn_error_options': 'WarnErrorOptionsV2(error=[], warn=[], silence=[])', 'use_colors': 'True', 'warn_error': 'None', 'static_parser': 'True', 'partial_parse': 'True', 'version_check': 'True', 'empty': 'None', 'write_json': 'True', 'fail_fast': 'False', 'invocation_command': 'dbt debug', 'debug': 'False', 'log_cache_events': 'False', 'send_anonymous_usage_stats': 'True', 'log_format': 'default', 'printer_width': '80', 'no_print': 'None'}
[0m13:57:04.482302 [info ] [MainThread]: dbt version: 1.10.22
[0m13:57:04.482733 [info ] [MainThread]: python version: 3.9.18
[0m13:57:04.483020 [info ] [MainThread]: python path: /Users/palashaggarwal/Desktop/credit-risk-scoring-engine/credit-risk-scoring-engine/.venv/bin/python
[0m13:57:04.483298 [info ] [MainThread]: os info: macOS-26.5.1-x86_64-i386-64bit
[0m13:57:04.701715 [info ] [MainThread]: Using profiles dir at /Users/palashaggarwal/.dbt
[0m13:57:04.702161 [info ] [MainThread]: Using profiles.yml file at /Users/palashaggarwal/.dbt/profiles.yml
[0m13:57:04.702444 [info ] [MainThread]: Using dbt_project.yml file at /Users/palashaggarwal/Desktop/credit-risk-scoring-engine/credit-risk-scoring-engine/dbt_project.yml
[0m13:57:04.704347 [info ] [MainThread]: adapter type: duckdb
[0m13:57:04.704679 [info ] [MainThread]: adapter version: 1.10.0
[0m13:57:04.704969 [info ] [MainThread]: Configuration:
[0m13:57:04.705234 [info ] [MainThread]:   profiles.yml file [[32mOK found and valid[0m]
[0m13:57:04.705490 [info ] [MainThread]:   dbt_project.yml file [[31mERROR not found[0m]
[0m13:57:04.705739 [info ] [MainThread]: Required dependencies:
[0m13:57:04.706057 [debug] [MainThread]: Executing "git --help"
[0m13:57:05.842744 [debug] [MainThread]: STDOUT: "b"usage: git [-v | --version] [-h | --help] [-C <path>] [-c <name>=<value>]\n           [--exec-path[=<path>]] [--html-path] [--man-path] [--info-path]\n           [-p | --paginate | -P | --no-pager] [--no-replace-objects] [--no-lazy-fetch]\n           [--no-optional-locks] [--no-advice] [--bare] [--git-dir=<path>]\n           [--work-tree=<path>] [--namespace=<name>] [--config-env=<name>=<envvar>]\n           <command> [<args>]\n\nThese are common Git commands used in various situations:\n\nstart a working area (see also: git help tutorial)\n   clone      Clone a repository into a new directory\n   init       Create an empty Git repository or reinitialize an existing one\n\nwork on the current change (see also: git help everyday)\n   add        Add file contents to the index\n   mv         Move or rename a file, a directory, or a symlink\n   restore    Restore working tree files\n   rm         Remove files from the working tree and from the index\n\nexamine the history and state (see also: git help revisions)\n   bisect     Use binary search to find the commit that introduced a bug\n   diff       Show changes between commits, commit and working tree, etc\n   grep       Print lines matching a pattern\n   log        Show commit logs\n   show       Show various types of objects\n   status     Show the working tree status\n\ngrow, mark and tweak your common history\n   backfill   Download missing objects in a partial clone\n   branch     List, create, or delete branches\n   commit     Record changes to the repository\n   merge      Join two or more development histories together\n   rebase     Reapply commits on top of another base tip\n   reset      Reset current HEAD to the specified state\n   switch     Switch branches\n   tag        Create, list, delete or verify a tag object signed with GPG\n\ncollaborate (see also: git help workflows)\n   fetch      Download objects and refs from another repository\n   pull       Fetch from and integrate with another repository or a local branch\n   push       Update remote refs along with associated objects\n\n'git help -a' and 'git help -g' list available subcommands and some\nconcept guides. See 'git help <command>' or 'git help <concept>'\nto read about a specific subcommand or concept.\nSee 'git help git' for an overview of the system.\n""
[0m13:57:05.843671 [debug] [MainThread]: STDERR: "b''"
[0m13:57:05.844013 [info ] [MainThread]:  - git [[32mOK found[0m]

[0m13:57:05.844336 [info ] [MainThread]: Connection:
[0m13:57:05.844699 [info ] [MainThread]:   database: credit_risk
[0m13:57:05.844968 [info ] [MainThread]:   schema: main
[0m13:57:05.845227 [info ] [MainThread]:   path: /Users/palashaggarwal/credit-risk-scoring-engine/data/credit_risk.duckdb
[0m13:57:05.845489 [info ] [MainThread]:   config_options: None
[0m13:57:05.845743 [info ] [MainThread]:   extensions: None
[0m13:57:05.846008 [info ] [MainThread]:   settings: {}
[0m13:57:05.846259 [info ] [MainThread]:   external_root: .
[0m13:57:05.846510 [info ] [MainThread]:   use_credential_provider: None
[0m13:57:05.846761 [info ] [MainThread]:   attach: None
[0m13:57:05.847011 [info ] [MainThread]:   filesystems: None
[0m13:57:05.847264 [info ] [MainThread]:   remote: None
[0m13:57:05.847518 [info ] [MainThread]:   plugins: None
[0m13:57:05.847768 [info ] [MainThread]:   disable_transactions: False
[0m13:57:05.848378 [info ] [MainThread]: Registered adapter: duckdb=1.10.0
[0m13:57:05.944499 [debug] [MainThread]: Acquiring new duckdb connection 'debug'
[0m13:57:05.997275 [debug] [MainThread]: Using duckdb connection "debug"
[0m13:57:05.997673 [debug] [MainThread]: On debug: select 1 as id
[0m13:57:05.997960 [debug] [MainThread]: Opening a new connection, currently in state init
[0m13:57:06.015810 [debug] [MainThread]: DuckDB adapter: Error running SQL: select 1 as id
[0m13:57:06.016191 [debug] [MainThread]: DuckDB adapter: Rolling back transaction.
[0m13:57:06.016637 [info ] [MainThread]:   Connection test: [[31mERROR[0m]

[0m13:57:06.017026 [info ] [MainThread]: [31m2 checks failed:[0m
[0m13:57:06.017311 [info ] [MainThread]: Project loading failed for the following reason:
 project path </Users/palashaggarwal/Desktop/credit-risk-scoring-engine/credit-risk-scoring-engine/dbt_project.yml> not found

[0m13:57:06.017601 [info ] [MainThread]: dbt was unable to connect to the specified database.
The database returned the following error:

  >Runtime Error
  IO Error: Cannot open file "/Users/palashaggarwal/credit-risk-scoring-engine/data/credit_risk.duckdb": No such file or directory

Check your database credentials and try again. For more information, visit:
https://docs.getdbt.com/docs/configure-your-profile


[0m13:57:06.020766 [debug] [MainThread]: Resource report: {"command_name": "debug", "command_success": false, "command_wall_clock_time": 1.6608, "process_in_blocks": "0", "process_kernel_time": 0.61829, "process_mem_max_rss": "118067200", "process_out_blocks": "0", "process_user_time": 1.20505}
[0m13:57:06.021357 [debug] [MainThread]: Command `dbt debug` failed at 13:57:06.021122 after 1.66 seconds
[0m13:57:06.021749 [debug] [MainThread]: Connection 'debug' was properly closed.
[0m13:57:06.022089 [debug] [MainThread]: Sending event: {'category': 'dbt', 'action': 'invocation', 'label': 'end', 'context': [<snowplow_tracker.self_describing_json.SelfDescribingJson object at 0x7f9709dd47f0>, <snowplow_tracker.self_describing_json.SelfDescribingJson object at 0x7f970ae32eb0>, <snowplow_tracker.self_describing_json.SelfDescribingJson object at 0x7f96f8613220>]}
[0m13:57:06.022496 [debug] [MainThread]: Flushing usage events
[0m13:57:07.404340 [debug] [MainThread]: An error was encountered while trying to flush usage events
